// Jest Snapshot v1, https://goo.gl/fbAQLP

exports[`App component renders App 1`] = `
<DocumentFragment>
  <div
    style="background-color: rgb(247, 37, 133); background-image: url(); height: 700px; width: 700px;"
  />
</DocumentFragment>
`;
